[2026-09-12T00:01:23Z] 🔬 Daily Research Pipeline Starting...
[2026-09-12T00:01:23Z] 📅 Date: 2026-09-12
[2026-09-12T00:01:23Z] 📁 Repository: /home/ubuntu/research
[2026-09-12T00:01:23Z] 📚 Collecting arXiv papers...
[2026-09-12T00:01:23Z] ⚠️ arXiv fetch limited for cs.CL (HTTP 429); retrying in 5s
[2026-09-12T00:01:29Z] ⚠️ arXiv fetch failed for cs.CL: 429 Client Error: Unknown Error for url: https://export.arxiv.org/api/query?search_query=cat%3Acs.CL&start=0&max_results=8&sortBy=submittedDate&sortOrder=descending; body=Rate exceeded.
[2026-09-12T00:01:48Z] ⚠️ arXiv fetch limited for cs.AI (HTTP 429); retrying in 5s
[2026-09-12T00:01:53Z] ⚠️ arXiv fetch failed for cs.AI: 429 Client Error: Unknown Error for url: https://export.arxiv.org/api/query?search_query=cat%3Acs.AI&start=0&max_results=8&sortBy=submittedDate&sortOrder=descending; body=Rate exceeded.
[2026-09-12T00:01:58Z] ⚠️ arXiv fetch limited for cs.LG (HTTP 429); retrying in 5s
[2026-09-12T00:02:03Z] ⚠️ arXiv fetch failed for cs.LG: 429 Client Error: Unknown Error for url: https://export.arxiv.org/api/query?search_query=cat%3Acs.LG&start=0&max_results=8&sortBy=submittedDate&sortOrder=descending; body=Rate exceeded.
[2026-09-12T00:02:08Z] ⚠️ arXiv fetch limited for stat.ML (HTTP 429); retrying in 5s
[2026-09-12T00:02:28Z] ⚠️ arXiv fetch failed for stat.ML: 429 Client Error: Unknown Error for url: https://export.arxiv.org/api/query?search_query=cat%3Astat.ML&start=0&max_results=8&sortBy=submittedDate&sortOrder=descending; body=Rate exceeded.
[2026-09-12T00:02:32Z] ⚠️ arXiv fetch limited for cs.CR (HTTP 429); retrying in 5s
[2026-09-12T00:02:38Z] ⚠️ arXiv fetch failed for cs.CR: 429 Client Error: Unknown Error for url: https://export.arxiv.org/api/query?search_query=cat%3Acs.CR&start=0&max_results=8&sortBy=submittedDate&sortOrder=descending; body=Rate exceeded.
[2026-09-12T00:02:38Z] ⚠️ Using cached arXiv fallback from 2026-09-11.md (10 papers); live arXiv API unavailable
[2026-09-12T00:02:38Z] ✅ Generated: arxiv_paper/2026-09-12.md (10 papers)
[2026-09-12T00:02:38Z] 🇰🇷 Collecting Korean papers...
[2026-09-12T00:02:38Z] ✅ Generated: kr_paper/2026-09-12.md (3 candidates)
[2026-09-12T00:02:38Z] 📊 Generating research report...
[2026-09-12T00:02:38Z] ✅ Generated: research_reports/2026-09-12.md
[2026-09-12T00:02:38Z] 🚀 Committing to GitHub...
