[2026-09-13T00:00:26Z] 🔬 Daily Research Pipeline Starting...
[2026-09-13T00:00:26Z] 📅 Date: 2026-09-13
[2026-09-13T00:00:26Z] 📁 Repository: /home/ubuntu/research
[2026-09-13T00:00:26Z] 📚 Collecting arXiv papers...
[2026-09-13T00:00:26Z] ⚠️ arXiv fetch limited for cs.CL (HTTP 429); retrying in 5s
[2026-09-13T00:00:32Z] ⚠️ arXiv fetch failed for cs.CL: 429 Client Error: Unknown Error for url: https://export.arxiv.org/api/query?search_query=cat%3Acs.CL&start=0&max_results=8&sortBy=submittedDate&sortOrder=descending; body=Rate exceeded.
[2026-09-13T00:00:36Z] ⚠️ arXiv fetch limited for cs.AI (HTTP 429); retrying in 5s
[2026-09-13T00:00:41Z] ⚠️ arXiv fetch failed for cs.AI: 429 Client Error: Unknown Error for url: https://export.arxiv.org/api/query?search_query=cat%3Acs.AI&start=0&max_results=8&sortBy=submittedDate&sortOrder=descending; body=Rate exceeded.
[2026-09-13T00:00:45Z] ⚠️ arXiv fetch limited for cs.LG (HTTP 429); retrying in 5s
[2026-09-13T00:00:51Z] ⚠️ arXiv fetch failed for cs.LG: 429 Client Error: Unknown Error for url: https://export.arxiv.org/api/query?search_query=cat%3Acs.LG&start=0&max_results=8&sortBy=submittedDate&sortOrder=descending; body=Rate exceeded.
[2026-09-13T00:00:55Z] ⚠️ arXiv fetch limited for stat.ML (HTTP 429); retrying in 5s
[2026-09-13T00:01:00Z] ⚠️ arXiv fetch failed for stat.ML: 429 Client Error: Unknown Error for url: https://export.arxiv.org/api/query?search_query=cat%3Astat.ML&start=0&max_results=8&sortBy=submittedDate&sortOrder=descending; body=Rate exceeded.
[2026-09-13T00:01:05Z] ⚠️ arXiv fetch limited for cs.CR (HTTP 429); retrying in 5s
[2026-09-13T00:01:41Z] ⚠️ arXiv fetch failed for cs.CR: 429 Client Error: Too Many Requests for url: https://export.arxiv.org/api/query?search_query=cat%3Acs.CR&start=0&max_results=8&sortBy=submittedDate&sortOrder=descending; body=Rate exceeded.
[2026-09-13T00:01:41Z] ⚠️ Using cached arXiv fallback from 2026-09-12.md (10 papers); live arXiv API unavailable
[2026-09-13T00:01:41Z] ✅ Generated: arxiv_paper/2026-09-13.md (10 papers)
[2026-09-13T00:01:41Z] 🇰🇷 Collecting Korean papers...
[2026-09-13T00:01:41Z] ✅ Generated: kr_paper/2026-09-13.md (3 candidates)
[2026-09-13T00:01:41Z] 📊 Generating research report...
[2026-09-13T00:01:41Z] ✅ Generated: research_reports/2026-09-13.md
[2026-09-13T00:01:41Z] 🚀 Committing to GitHub...
