[2026-09-14T00:00:33Z] 🔬 Daily Research Pipeline Starting...
[2026-09-14T00:00:33Z] 📅 Date: 2026-09-14
[2026-09-14T00:00:33Z] 📁 Repository: /home/ubuntu/research
[2026-09-14T00:00:33Z] 📚 Collecting arXiv papers...
[2026-09-14T00:00:33Z] ⚠️ arXiv fetch limited for cs.CL (HTTP 429); retrying in 5s
[2026-09-14T00:00:49Z] ⚠️ arXiv fetch failed for cs.CL: 429 Client Error: Unknown Error for url: https://export.arxiv.org/api/query?search_query=cat%3Acs.CL&start=0&max_results=8&sortBy=submittedDate&sortOrder=descending; body=Rate exceeded.
[2026-09-14T00:00:53Z] ⚠️ arXiv fetch limited for cs.AI (HTTP 429); retrying in 5s
[2026-09-14T00:01:06Z]   - cs.AI: fetched 8 papers
[2026-09-14T00:01:26Z] ⚠️ arXiv fetch limited for cs.LG (HTTP 429); retrying in 5s
[2026-09-14T00:01:31Z] ⚠️ arXiv fetch failed for cs.LG: 429 Client Error: Unknown Error for url: https://export.arxiv.org/api/query?search_query=cat%3Acs.LG&start=0&max_results=8&sortBy=submittedDate&sortOrder=descending; body=Rate exceeded.
[2026-09-14T00:01:36Z] ⚠️ arXiv fetch limited for stat.ML (HTTP 429); retrying in 5s
[2026-09-14T00:01:41Z] ⚠️ arXiv fetch failed for stat.ML: 429 Client Error: Unknown Error for url: https://export.arxiv.org/api/query?search_query=cat%3Astat.ML&start=0&max_results=8&sortBy=submittedDate&sortOrder=descending; body=Rate exceeded.
[2026-09-14T00:01:45Z] ⚠️ arXiv fetch limited for cs.CR (HTTP 429); retrying in 5s
[2026-09-14T00:01:51Z] ⚠️ arXiv fetch failed for cs.CR: 429 Client Error: Unknown Error for url: https://export.arxiv.org/api/query?search_query=cat%3Acs.CR&start=0&max_results=8&sortBy=submittedDate&sortOrder=descending; body=Rate exceeded.
[2026-09-14T00:01:51Z] ✅ Generated: arxiv_paper/2026-09-14.md (8 papers)
[2026-09-14T00:01:51Z] 🇰🇷 Collecting Korean papers...
[2026-09-14T00:01:51Z] ✅ Generated: kr_paper/2026-09-14.md (3 candidates)
[2026-09-14T00:01:51Z] 📊 Generating research report...
[2026-09-14T00:01:51Z] ✅ Generated: research_reports/2026-09-14.md
[2026-09-14T00:01:51Z] 🚀 Committing to GitHub...
